Testing imports...
Successfully imported AutonomousCourtListenerService
Successfully imported AutonomousScraperService
